Archive member included to satisfy reference by file (symbol)

C:/ST/STM32CubeIDE_2.0.0/STM32CubeIDE/plugins/com.st.stm32cube.ide.mcu.externaltools.gnu-tools-for-stm32.13.3.rel1.win32_1.0.100.202509120712/tools/bin/../lib/gcc/arm-none-eabi/13.3.1/../../../../arm-none-eabi/lib/thumb/v7-m/nofp\libc_nano.a(libc_a-exit.o)
                              C:/ST/STM32CubeIDE_2.0.0/STM32CubeIDE/plugins/com.st.stm32cube.ide.mcu.externaltools.gnu-tools-for-stm32.13.3.rel1.win32_1.0.100.202509120712/tools/bin/../lib/gcc/arm-none-eabi/13.3.1/../../../../arm-none-eabi/lib/thumb/v7-m/nofp/crt0.o (exit)
C:/ST/STM32CubeIDE_2.0.0/STM32CubeIDE/plugins/com.st.stm32cube.ide.mcu.externaltools.gnu-tools-for-stm32.13.3.rel1.win32_1.0.100.202509120712/tools/bin/../lib/gcc/arm-none-eabi/13.3.1/../../../../arm-none-eabi/lib/thumb/v7-m/nofp\libc_nano.a(libc_a-findfp.o)
                              C:/ST/STM32CubeIDE_2.0.0/STM32CubeIDE/plugins/com.st.stm32cube.ide.mcu.externaltools.gnu-tools-for-stm32.13.3.rel1.win32_1.0.100.202509120712/tools/bin/../lib/gcc/arm-none-eabi/13.3.1/../../../../arm-none-eabi/lib/thumb/v7-m/nofp\libc_nano.a(libc_a-exit.o) (__stdio_exit_handler)
C:/ST/STM32CubeIDE_2.0.0/STM32CubeIDE/plugins/com.st.stm32cube.ide.mcu.externaltools.gnu-tools-for-stm32.13.3.rel1.win32_1.0.100.202509120712/tools/bin/../lib/gcc/arm-none-eabi/13.3.1/../../../../arm-none-eabi/lib/thumb/v7-m/nofp\libc_nano.a(libc_a-fwalk.o)
                              C:/ST/STM32CubeIDE_2.0.0/STM32CubeIDE/plugins/com.st.stm32cube.ide.mcu.externaltools.gnu-tools-for-stm32.13.3.rel1.win32_1.0.100.202509120712/tools/bin/../lib/gcc/arm-none-eabi/13.3.1/../../../../arm-none-eabi/lib/thumb/v7-m/nofp\libc_nano.a(libc_a-findfp.o) (_fwalk_sglue)
C:/ST/STM32CubeIDE_2.0.0/STM32CubeIDE/plugins/com.st.stm32cube.ide.mcu.externaltools.gnu-tools-for-stm32.13.3.rel1.win32_1.0.100.202509120712/tools/bin/../lib/gcc/arm-none-eabi/13.3.1/../../../../arm-none-eabi/lib/thumb/v7-m/nofp\libc_nano.a(libc_a-snprintf.o)
                              ./Core/Src/ssd1306_tests.o (snprintf)
C:/ST/STM32CubeIDE_2.0.0/STM32CubeIDE/plugins/com.st.stm32cube.ide.mcu.externaltools.gnu-tools-for-stm32.13.3.rel1.win32_1.0.100.202509120712/tools/bin/../lib/gcc/arm-none-eabi/13.3.1/../../../../arm-none-eabi/lib/thumb/v7-m/nofp\libc_nano.a(libc_a-stdio.o)
                              C:/ST/STM32CubeIDE_2.0.0/STM32CubeIDE/plugins/com.st.stm32cube.ide.mcu.externaltools.gnu-tools-for-stm32.13.3.rel1.win32_1.0.100.202509120712/tools/bin/../lib/gcc/arm-none-eabi/13.3.1/../../../../arm-none-eabi/lib/thumb/v7-m/nofp\libc_nano.a(libc_a-findfp.o) (__sread)
C:/ST/STM32CubeIDE_2.0.0/STM32CubeIDE/plugins/com.st.stm32cube.ide.mcu.externaltools.gnu-tools-for-stm32.13.3.rel1.win32_1.0.100.202509120712/tools/bin/../lib/gcc/arm-none-eabi/13.3.1/../../../../arm-none-eabi/lib/thumb/v7-m/nofp\libc_nano.a(libc_a-memmove.o)
                              ./Core/Src/ssd1306_tests.o (memmove)
C:/ST/STM32CubeIDE_2.0.0/STM32CubeIDE/plugins/com.st.stm32cube.ide.mcu.externaltools.gnu-tools-for-stm32.13.3.rel1.win32_1.0.100.202509120712/tools/bin/../lib/gcc/arm-none-eabi/13.3.1/../../../../arm-none-eabi/lib/thumb/v7-m/nofp\libc_nano.a(libc_a-memset.o)
                              C:/ST/STM32CubeIDE_2.0.0/STM32CubeIDE/plugins/com.st.stm32cube.ide.mcu.externaltools.gnu-tools-for-stm32.13.3.rel1.win32_1.0.100.202509120712/tools/bin/../lib/gcc/arm-none-eabi/13.3.1/../../../../arm-none-eabi/lib/thumb/v7-m/nofp/crt0.o (memset)
C:/ST/STM32CubeIDE_2.0.0/STM32CubeIDE/plugins/com.st.stm32cube.ide.mcu.externaltools.gnu-tools-for-stm32.13.3.rel1.win32_1.0.100.202509120712/tools/bin/../lib/gcc/arm-none-eabi/13.3.1/../../../../arm-none-eabi/lib/thumb/v7-m/nofp\libc_nano.a(libc_a-closer.o)
                              C:/ST/STM32CubeIDE_2.0.0/STM32CubeIDE/plugins/com.st.stm32cube.ide.mcu.externaltools.gnu-tools-for-stm32.13.3.rel1.win32_1.0.100.202509120712/tools/bin/../lib/gcc/arm-none-eabi/13.3.1/../../../../arm-none-eabi/lib/thumb/v7-m/nofp\libc_nano.a(libc_a-stdio.o) (_close_r)
C:/ST/STM32CubeIDE_2.0.0/STM32CubeIDE/plugins/com.st.stm32cube.ide.mcu.externaltools.gnu-tools-for-stm32.13.3.rel1.win32_1.0.100.202509120712/tools/bin/../lib/gcc/arm-none-eabi/13.3.1/../../../../arm-none-eabi/lib/thumb/v7-m/nofp\libc_nano.a(libc_a-reent.o)
                              C:/ST/STM32CubeIDE_2.0.0/STM32CubeIDE/plugins/com.st.stm32cube.ide.mcu.externaltools.gnu-tools-for-stm32.13.3.rel1.win32_1.0.100.202509120712/tools/bin/../lib/gcc/arm-none-eabi/13.3.1/../../../../arm-none-eabi/lib/thumb/v7-m/nofp\libc_nano.a(libc_a-closer.o) (errno)
C:/ST/STM32CubeIDE_2.0.0/STM32CubeIDE/plugins/com.st.stm32cube.ide.mcu.externaltools.gnu-tools-for-stm32.13.3.rel1.win32_1.0.100.202509120712/tools/bin/../lib/gcc/arm-none-eabi/13.3.1/../../../../arm-none-eabi/lib/thumb/v7-m/nofp\libc_nano.a(libc_a-impure.o)
[...]
Memory Configuration

Name             Origin             Length             Attributes
RAM              0x20000000         0x00002800         xrw
FLASH            0x08000000         0x00008000         xr
*default*        0x00000000         0xffffffff

Linker script and memory map

LOAD C:/ST/STM32CubeIDE_2.0.0/STM32CubeIDE/plugins/com.st.stm32cube.ide.mcu.externaltools.gnu-tools-for-stm32.13.3.rel1.win32_1.0.100.202509120712/tools/bin/../lib/gcc/arm-none-eabi/13.3.1/thumb/v7-m/nofp/crti.o
LOAD C:/ST/STM32CubeIDE_2.0.0/STM32CubeIDE/plugins/com.st.stm32cube.ide.mcu.externaltools.gnu-tools-for-stm32.13.3.rel1.win32_1.0.100.202509120712/tools/bin/../lib/gcc/arm-none-eabi/13.3.1/thumb/v7-m/nofp/crtbegin.o
LOAD C:/ST/STM32CubeIDE_2.0.0/STM32CubeIDE/plugins/com.st.stm32cube.ide.mcu.externaltools.gnu-tools-for-stm32.13.3.rel1.win32_1.0.100.202509120712/tools/bin/../lib/gcc/arm-none-eabi/13.3.1/../../../../arm-none-eabi/lib/thumb/v7-m/nofp/crt0.o
LOAD ./Core/Src/main.o
LOAD ./Core/Src/ssd1306.o
LOAD ./Core/Src/ssd1306_fonts.o
LOAD ./Core/Src/ssd1306_tests.o
LOAD ./Core/Src/stm32f1xx_hal_msp.o
LOAD ./Core/Src/stm32f1xx_it.o
LOAD ./Core/Src/syscalls.o
LOAD ./Core/Src/sysmem.o
LOAD ./Core/Src/system_stm32f1xx.o
LOAD ./Core/Startup/startup_stm32f103c6tx.o
LOAD ./Drivers/STM32F1xx_HAL_Driver/Src/stm32f1xx_hal.o
LOAD ./Drivers/STM32F1xx_HAL_Driver/Src/stm32f1xx_hal_cortex.o
LOAD ./Drivers/STM32F1xx_HAL_Driver/Src/stm32f1xx_hal_dma.o
LOAD ./Drivers/STM32F1xx_HAL_Driver/Src/stm32f1xx_hal_exti.o
LOAD ./Drivers/STM32F1xx_HAL_Driver/Src/stm32f1xx_hal_flash.o
LOAD ./Drivers/STM32F1xx_HAL_Driver/Src/stm32f1xx_hal_flash_ex.o
LOAD ./Drivers/STM32F1xx_HAL_Driver/Src/stm32f1xx_hal_gpio.o
LOAD ./Drivers/STM32F1xx_HAL_Driver/Src/stm32f1xx_hal_gpio_ex.o
LOAD ./Drivers/STM32F1xx_HAL_Driver/Src/stm32f1xx_hal_i2c.o
LOAD ./Drivers/STM32F1xx_HAL_Driver/Src/stm32f1xx_hal_pwr.o
LOAD ./Drivers/STM32F1xx_HAL_Driver/Src/stm32f1xx_hal_rcc.o
LOAD ./Drivers/STM32F1xx_HAL_Driver/Src/stm32f1xx_hal_rcc_ex.o
START GROUP
LOAD C:/ST/STM32CubeIDE_2.0.0/STM32CubeIDE/plugins/com.st.stm32cube.ide.mcu.externaltools.gnu-tools-for-stm32.13.3.rel1.win32_1.0.100.202509120712/tools/bin/../lib/gcc/arm-none-eabi/13.3.1/../../../../arm-none-eabi/lib/thumb/v7-m/nofp\libc_nano.a
LOAD C:/ST/STM32CubeIDE_2.0.0/STM32CubeIDE/plugins/com.st.stm32cube.ide.mcu.externaltools.gnu-tools-for-stm32.13.3.rel1.win32_1.0.100.202509120712/tools/bin/../lib/gcc/arm-none-eabi/13.3.1/../../../../arm-none-eabi/lib/thumb/v7-m/nofp\libm.a
END GROUP
START GROUP
LOAD C:/ST/STM32CubeIDE_2.0.0/STM32CubeIDE/plugins/com.st.stm32cube.ide.mcu.externaltools.gnu-tools-for-stm32.13.3.rel1.win32_1.0.100.202509120712/tools/bin/../lib/gcc/arm-none-eabi/13.3.1/thumb/v7-m/nofp\libgcc.a
LOAD C:/ST/STM32CubeIDE_2.0.0/STM32CubeIDE/plugins/com.st.stm32cube.ide.mcu.externaltools.gnu-tools-for-stm32.13.3.rel1.win32_1.0.100.202509120712/tools/bin/../lib/gcc/arm-none-eabi/13.3.1/../../../../arm-none-eabi/lib/thumb/v7-m/nofp\libc_nano.a
END GROUP
START GROUP
LOAD C:/ST/STM32CubeIDE_2.0.0/STM32CubeIDE/plugins/com.st.stm32cube.ide.mcu.externaltools.gnu-tools-for-stm32.13.3.rel1.win32_1.0.100.202509120712/tools/bin/../lib/gcc/arm-none-eabi/13.3.1/thumb/v7-m/nofp\libgcc.a
LOAD C:/ST/STM32CubeIDE_2.0.0/STM32CubeIDE/plugins/com.st.stm32cube.ide.mcu.externaltools.gnu-tools-for-stm32.13.3.rel1.win32_1.0.100.202509120712/tools/bin/../lib/gcc/arm-none-eabi/13.3.1/../../../../arm-none-eabi/lib/thumb/v7-m/nofp\libc_nano.a
LOAD C:/ST/STM32CubeIDE_2.0.0/STM32CubeIDE/plugins/com.st.stm32cube.ide.mcu.externaltools.gnu-tools-for-stm32.13.3.rel1.win32_1.0.100.202509120712/tools/bin/../lib/gcc/arm-none-eabi/13.3.1/../../../../arm-none-eabi/lib/thumb/v7-m/nofp\libnosys.a
END GROUP
START GROUP
LOAD C:/ST/STM32CubeIDE_2.0.0/STM32CubeIDE/plugins/com.st.stm32cube.ide.mcu.externaltools.gnu-tools-for-stm32.13.3.rel1.win32_1.0.100.202509120712/tools/bin/../lib/gcc/arm-none-eabi/13.3.1/thumb/v7-m/nofp\libgcc.a
LOAD C:/ST/STM32CubeIDE_2.0.0/STM32CubeIDE/plugins/com.st.stm32cube.ide.mcu.externaltools.gnu-tools-for-stm32.13.3.rel1.win32_1.0.100.202509120712/tools/bin/../lib/gcc/arm-none-eabi/13.3.1/../../../../arm-none-eabi/lib/thumb/v7-m/nofp\libc_nano.a
LOAD C:/ST/STM32CubeIDE_2.0.0/STM32CubeIDE/plugins/com.st.stm32cube.ide.mcu.externaltools.gnu-tools-for-stm32.13.3.rel1.win32_1.0.100.202509120712/tools/bin/../lib/gcc/arm-none-eabi/13.3.1/../../../../arm-none-eabi/lib/thumb/v7-m/nofp\libnosys.a
END GROUP
LOAD C:/ST/STM32CubeIDE_2.0.0/STM32CubeIDE/plugins/com.st.stm32cube.ide.mcu.externaltools.gnu-tools-for-stm32.13.3.rel1.win32_1.0.100.202509120712/tools/bin/../lib/gcc/arm-none-eabi/13.3.1/thumb/v7-m/nofp/crtend.o
LOAD C:/ST/STM32CubeIDE_2.0.0/STM32CubeIDE/plugins/com.st.stm32cube.ide.mcu.externaltools.gnu-tools-for-stm32.13.3.rel1.win32_1.0.100.202509120712/tools/bin/../lib/gcc/arm-none-eabi/13.3.1/thumb/v7-m/nofp/crtn.o
                0x20002800                        _estack = (ORIGIN (RAM) + LENGTH (RAM))
                0x00000200                        _Min_Heap_Size = 0x200
                0x00000400                        _Min_Stack_Size = 0x400

.isr_vector     0x08000000      0x10c
                0x08000000                        . = ALIGN (0x4)
 *(.isr_vector)
 .isr_vector    0x08000000      0x10c ./Core/Startup/startup_stm32f103c6tx.o
                0x08000000                g_pfnVectors
                0x0800010c                        . = ALIGN (0x4)

.text           0x0800010c     0x1250
                0x0800010c                        . = ALIGN (0x4)
 *(.text)
 .text          0x0800010c       0x40 C:/ST/STM32CubeIDE_2.0.0/STM32CubeIDE/plugins/com.st.stm32cube.ide.mcu.externaltools.gnu-tools-for-stm32.13.3.rel1.win32_1.0.100.202509120712/tools/bin/../lib/gcc/arm-none-eabi/13.3.1/thumb/v7-m/nofp/crtbegin.o
 *(.text*)
 .text.SystemClock_Config
                0x0800014c       0x50 ./Core/Src/main.o
                0x0800014c                SystemClock_Config
 .text.startup.main
                0x0800019c       0xb4 ./Core/Src/main.o
                0x0800019c                main
 .text.ssd1306_WriteCommand
                0x08000250       0x2c ./Core/Src/ssd1306.o
                0x08000250                ssd1306_WriteCommand
 .text.ssd1306_WriteData
                0x0800027c       0x24 ./Core/Src/ssd1306.o
                0x0800027c                ssd1306_WriteData
 .text.ssd1306_Fill
                0x080002a0       0x18 ./Core/Src/ssd1306.o
                0x080002a0                ssd1306_Fill
 .text.ssd1306_UpdateScreen
                0x080002b8       0x34 ./Core/Src/ssd1306.o
                0x080002b8                ssd1306_UpdateScreen
 .text.ssd1306_DrawPixel
                0x080002ec       0x30 ./Core/Src/ssd1306.o
                0x080002ec                ssd1306_DrawPixel
 .text.ssd1306_WriteChar
                0x0800031c       0xb8 ./Core/Src/ssd1306.o
                0x0800031c                ssd1306_WriteChar
 .text.ssd1306_WriteString
                0x080003d4       0x2c ./Core/Src/ssd1306.o
                0x080003d4                ssd1306_WriteString
 .text.ssd1306_SetCursor
                0x08000400        0xc ./Core/Src/ssd1306.o
                0x08000400                ssd1306_SetCursor
 .text.ssd1306_SetContrast
                0x0800040c       0x14 ./Core/Src/ssd1306.o
                0x0800040c                ssd1306_SetContrast
 .text.ssd1306_SetDisplayOn
                0x08000420       0x1c ./Core/Src/ssd1306.o
                0x08000420                ssd1306_SetDisplayOn
 .text.ssd1306_Init
                0x0800043c       0xc8 ./Core/Src/ssd1306.o
                0x0800043c                ssd1306_Init
 .text.HAL_MspInit
                0x08000504       0x44 ./Core/Src/stm32f1xx_hal_msp.o
                0x08000504                HAL_MspInit
 .text.HAL_I2C_MspInit
                0x08000548       0x64 ./Core/Src/stm32f1xx_hal_msp.o
                0x08000548                HAL_I2C_MspInit
 .text.NMI_Handler
                0x080005ac        0x2 ./Core/Src/stm32f1xx_it.o
                0x080005ac                NMI_Handler
 .text.HardFault_Handler
                0x080005ae        0x2 ./Core/Src/stm32f1xx_it.o
                0x080005ae                HardFault_Handler
 .text.MemManage_Handler
                0x080005b0        0x2 ./Core/Src/stm32f1xx_it.o
                0x080005b0                MemManage_Handler
 .text.BusFault_Handler
                0x080005b2        0x2 ./Core/Src/stm32f1xx_it.o
                0x080005b2                BusFault_Handler
 .text.UsageFault_Handler
                0x080005b4        0x2 ./Core/Src/stm32f1xx_it.o
                0x080005b4                UsageFault_Handler
 .text.SVC_Handler
                0x080005b6        0x2 ./Core/Src/stm32f1xx_it.o
                0x080005b6                SVC_Handler
 .text.DebugMon_Handler
                0x080005b8        0x2 ./Core/Src/stm32f1xx_it.o
                0x080005b8                DebugMon_Handler
 .text.PendSV_Handler
                0x080005ba        0x2 ./Core/Src/stm32f1xx_it.o
                0x080005ba                PendSV_Handler
 .text.SysTick_Handler
                0x080005bc        0x4 ./Core/Src/stm32f1xx_it.o
                0x080005bc                SysTick_Handler
 .text.SystemInit
                0x080005c0        0x2 ./Core/Src/system_stm32f1xx.o
                0x080005c0                SystemInit
 *fill*         0x080005c2        0x2 
 .text.Reset_Handler
                0x080005c4       0x48 ./Core/Startup/startup_stm32f103c6tx.o
                0x080005c4                Reset_Handler
 .text.Default_Handler
                0x0800060c        0x2 ./Core/Startup/startup_stm32f103c6tx.o
                0x0800060c                RTC_Alarm_IRQHandler
                0x0800060c                EXTI2_IRQHandler
                0x0800060c                TIM1_CC_IRQHandler
                0x0800060c                PVD_IRQHandler
                0x0800060c                EXTI3_IRQHandler
                0x0800060c                EXTI0_IRQHandler
                0x0800060c                ADC1_2_IRQHandler
                0x0800060c                SPI1_IRQHandler
                0x0800060c                TAMPER_IRQHandler
                0x0800060c                DMA1_Channel4_IRQHandler
                0x0800060c                RTC_IRQHandler
                0x0800060c                DMA1_Channel7_IRQHandler
                0x0800060c                CAN1_RX1_IRQHandler
                0x0800060c                I2C1_EV_IRQHandler
                0x0800060c                DMA1_Channel6_IRQHandler
                0x0800060c                TIM3_IRQHandler
                0x0800060c                RCC_IRQHandler
                0x0800060c                TIM1_TRG_COM_IRQHandler
                0x0800060c                DMA1_Channel1_IRQHandler
                0x0800060c                Default_Handler
                0x0800060c                EXTI15_10_IRQHandler
                0x0800060c                EXTI9_5_IRQHandler
                0x0800060c                DMA1_Channel5_IRQHandler
                0x0800060c                EXTI4_IRQHandler
                0x0800060c                USB_LP_CAN1_RX0_IRQHandler
                0x0800060c                USB_HP_CAN1_TX_IRQHandler
                0x0800060c                DMA1_Channel3_IRQHandler
                0x0800060c                TIM1_UP_IRQHandler
                0x0800060c                WWDG_IRQHandler
                0x0800060c                TIM2_IRQHandler
                0x0800060c                TIM1_BRK_IRQHandler
                0x0800060c                EXTI1_IRQHandler
                0x0800060c                USART2_IRQHandler
                0x0800060c                DMA1_Channel2_IRQHandler
                0x0800060c                CAN1_SCE_IRQHandler
                0x0800060c                FLASH_IRQHandler
                0x0800060c                USART1_IRQHandler
                0x0800060c                I2C1_ER_IRQHandler
                0x0800060c                USBWakeUp_IRQHandler
 *fill*         0x0800060e        0x2 
 .text.HAL_InitTick
                0x08000610       0x48 ./Drivers/STM32F1xx_HAL_Driver/Src/stm32f1xx_hal.o
                0x08000610                HAL_InitTick
 .text.HAL_Init
                0x08000658       0x24 ./Drivers/STM32F1xx_HAL_Driver/Src/stm32f1xx_hal.o
                0x08000658                HAL_Init
 .text.HAL_IncTick
                0x0800067c       0x18 ./Drivers/STM32F1xx_HAL_Driver/Src/stm32f1xx_hal.o
                0x0800067c                HAL_IncTick
 .text.HAL_GetTick
                0x08000694        0xc ./Drivers/STM32F1xx_HAL_Driver/Src/stm32f1xx_hal.o
                0x08000694                HAL_GetTick
 .text.HAL_Delay
                0x080006a0       0x24 ./Drivers/STM32F1xx_HAL_Driver/Src/stm32f1xx_hal.o
                0x080006a0                HAL_Delay
 .text.HAL_NVIC_SetPriorityGrouping
                0x080006c4       0x24 ./Drivers/STM32F1xx_HAL_Driver/Src/stm32f1xx_hal_cortex.o
                0x080006c4                HAL_NVIC_SetPriorityGrouping
 .text.HAL_NVIC_SetPriority
                0x080006e8       0x60 ./Drivers/STM32F1xx_HAL_Driver/Src/stm32f1xx_hal_cortex.o
                0x080006e8                HAL_NVIC_SetPriority
 .text.HAL_SYSTICK_Config
                0x08000748       0x28 ./Drivers/STM32F1xx_HAL_Driver/Src/stm32f1xx_hal_cortex.o
                0x08000748                HAL_SYSTICK_Config
 .text.HAL_GPIO_Init
                0x08000770      0x19c ./Drivers/STM32F1xx_HAL_Driver/Src/stm32f1xx_hal_gpio.o
                0x08000770                HAL_GPIO_Init
 .text.I2C_IsAcknowledgeFailed
                0x0800090c       0x32 ./Drivers/STM32F1xx_HAL_Driver/Src/stm32f1xx_hal_i2c.o
 .text.I2C_WaitOnFlagUntilTimeout
                0x0800093e       0x80 ./Drivers/STM32F1xx_HAL_Driver/Src/stm32f1xx_hal_i2c.o
 .text.I2C_WaitOnMasterAddressFlagUntilTimeout
                0x080009be       0x84 ./Drivers/STM32F1xx_HAL_Driver/Src/stm32f1xx_hal_i2c.o
 .text.I2C_WaitOnTXEFlagUntilTimeout
                0x08000a42       0x54 ./Drivers/STM32F1xx_HAL_Driver/Src/stm32f1xx_hal_i2c.o
 *fill*         0x08000a96        0x2 
 .text.I2C_RequestMemoryWrite
                0x08000a98       0xb4 ./Drivers/STM32F1xx_HAL_Driver/Src/stm32f1xx_hal_i2c.o
 .text.I2C_WaitOnBTFFlagUntilTimeout
                0x08000b4c       0x54 ./Drivers/STM32F1xx_HAL_Driver/Src/stm32f1xx_hal_i2c.o
 .text.HAL_I2C_Init
                0x08000ba0      0x150 ./Drivers/STM32F1xx_HAL_Driver/Src/stm32f1xx_hal_i2c.o
                0x08000ba0                HAL_I2C_Init
 .text.HAL_I2C_Mem_Write
                0x08000cf0      0x120 ./Drivers/STM32F1xx_HAL_Driver/Src/stm32f1xx_hal_i2c.o
                0x08000cf0                HAL_I2C_Mem_Write
 .text.HAL_RCC_OscConfig
                0x08000e10      0x338 ./Drivers/STM32F1xx_HAL_Driver/Src/stm32f1xx_hal_rcc.o
                0x08000e10                HAL_RCC_OscConfig
 .text.HAL_RCC_GetSysClockFreq
                0x08001148       0x4c ./Drivers/STM32F1xx_HAL_Driver/Src/stm32f1xx_hal_rcc.o
                0x08001148                HAL_RCC_GetSysClockFreq
 .text.HAL_RCC_ClockConfig
                0x08001194      0x138 ./Drivers/STM32F1xx_HAL_Driver/Src/stm32f1xx_hal_rcc.o
                0x08001194                HAL_RCC_ClockConfig
 .text.HAL_RCC_GetPCLK1Freq
                0x080012cc       0x20 ./Drivers/STM32F1xx_HAL_Driver/Src/stm32f1xx_hal_rcc.o
                0x080012cc                HAL_RCC_GetPCLK1Freq
 .text.memset   0x080012ec       0x10 C:/ST/STM32CubeIDE_2.0.0/STM32CubeIDE/plugins/com.st.stm32cube.ide.mcu.externaltools.gnu-tools-for-stm32.13.3.rel1.win32_1.0.100.202509120712/tools/bin/../lib/gcc/arm-none-eabi/13.3.1/../../../../arm-none-eabi/lib/thumb/v7-m/nofp\libc_nano.a(libc_a-memset.o)
                0x080012ec                memset
 .text.__libc_init_array
                0x080012fc       0x48 C:/ST/STM32CubeIDE_2.0.0/STM32CubeIDE/plugins/com.st.stm32cube.ide.mcu.externaltools.gnu-tools-for-stm32.13.3.rel1.win32_1.0.100.202509120712/tools/bin/../lib/gcc/arm-none-eabi/13.3.1/../../../../arm-none-eabi/lib/thumb/v7-m/nofp\libc_nano.a(libc_a-init.o)
                0x080012fc                __libc_init_array
 *(.glue_7)
 .glue_7        0x08001344        0x0 linker stubs
 *(.glue_7t)
 .glue_7t       0x08001344        0x0 linker stubs
 *(.eh_frame)
 .eh_frame      0x08001344        0x0 C:/ST/STM32CubeIDE_2.0.0/STM32CubeIDE/plugins/com.st.stm32cube.ide.mcu.externaltools.gnu-tools-for-stm32.13.3.rel1.win32_1.0.100.202509120712/tools/bin/../lib/gcc/arm-none-eabi/13.3.1/thumb/v7-m/nofp/crtbegin.o
 *(.init)
 .init          0x08001344        0x4 C:/ST/STM32CubeIDE_2.0.0/STM32CubeIDE/plugins/com.st.stm32cube.ide.mcu.externaltools.gnu-tools-for-stm32.13.3.rel1.win32_1.0.100.202509120712/tools/bin/../lib/gcc/arm-none-eabi/13.3.1/thumb/v7-m/nofp/crti.o
                0x08001344                _init
 .init          0x08001348        0x8 C:/ST/STM32CubeIDE_2.0.0/STM32CubeIDE/plugins/com.st.stm32cube.ide.mcu.externaltools.gnu-tools-for-stm32.13.3.rel1.win32_1.0.100.202509120712/tools/bin/../lib/gcc/arm-none-eabi/13.3.1/thumb/v7-m/nofp/crtn.o
 *(.fini)
 .fini          0x08001350        0x4 C:/ST/STM32CubeIDE_2.0.0/STM32CubeIDE/plugins/com.st.stm32cube.ide.mcu.externaltools.gnu-tools-for-stm32.13.3.rel1.win32_1.0.100.202509120712/tools/bin/../lib/gcc/arm-none-eabi/13.3.1/thumb/v7-m/nofp/crti.o
                0x08001350                _fini
 .fini          0x08001354        0x8 C:/ST/STM32CubeIDE_2.0.0/STM32CubeIDE/plugins/com.st.stm32cube.ide.mcu.externaltools.gnu-tools-for-stm32.13.3.rel1.win32_1.0.100.202509120712/tools/bin/../lib/gcc/arm-none-eabi/13.3.1/thumb/v7-m/nofp/crtn.o
                0x0800135c                        . = ALIGN (0x4)
                0x0800135c                        _etext = .

.vfp11_veneer   0x0800135c        0x0
 .vfp11_veneer  0x0800135c        0x0 linker stubs

.v4_bx          0x0800135c        0x0
 .v4_bx         0x0800135c        0x0 linker stubs

.iplt           0x0800135c        0x0
 .iplt          0x0800135c        0x0 C:/ST/STM32CubeIDE_2.0.0/STM32CubeIDE/plugins/com.st.stm32cube.ide.mcu.externaltools.gnu-tools-for-stm32.13.3.rel1.win32_1.0.100.202509120712/tools/bin/../lib/gcc/arm-none-eabi/13.3.1/thumb/v7-m/nofp/crtbegin.o

.rodata         0x0800135c      0x7c4
                0x0800135c                        . = ALIGN (0x4)
 *(.rodata)
 *(.rodata*)
 .rodata.main.str1.1
                0x0800135c       0x1d ./Core/Src/main.o
 *fill*         0x08001379        0x3 
 .rodata.Font_7x10
                0x0800137c        0xc ./Core/Src/ssd1306_fonts.o
                0x0800137c                Font_7x10
 .rodata.Font7x10
                0x08001388      0x76c ./Core/Src/ssd1306_fonts.o
 .rodata.APBPrescTable
                0x08001af4        0x8 ./Core/Src/system_stm32f1xx.o
                0x08001af4                APBPrescTable
 .rodata.AHBPrescTable
                0x08001afc       0x10 ./Core/Src/system_stm32f1xx.o
                0x08001afc                AHBPrescTable
 .rodata.aPredivFactorTable.0
                0x08001b0c        0x2 ./Drivers/STM32F1xx_HAL_Driver/Src/stm32f1xx_hal_rcc.o
 .rodata.aPLLMULFactorTable.1
                0x08001b0e       0x10 ./Drivers/STM32F1xx_HAL_Driver/Src/stm32f1xx_hal_rcc.o
                0x08001b20                        . = ALIGN (0x4)
 *fill*         0x08001b1e        0x2 

.ARM.extab      0x08001b20        0x0
                0x08001b20                        . = ALIGN (0x4)
 *(.ARM.extab* .gnu.linkonce.armextab.*)
                0x08001b20                        . = ALIGN (0x4)

.ARM            0x08001b20        0x0
                0x08001b20                        . = ALIGN (0x4)
                0x08001b20                        __exidx_start = .
 *(.ARM.exidx*)
                0x08001b20                        __exidx_end = .
                0x08001b20                        . = ALIGN (0x4)

.preinit_array  0x08001b20        0x0
                0x08001b20                        . = ALIGN (0x4)
                0x08001b20                        PROVIDE (__preinit_array_start = .)
 *(.preinit_array*)
                0x08001b20                        PROVIDE (__preinit_array_end = .)
                0x08001b20                        . = ALIGN (0x4)

.init_array     0x08001b20        0x4
                0x08001b20                        . = ALIGN (0x4)
                0x08001b20                        PROVIDE (__init_array_start = .)
 *(SORT_BY_NAME(.init_array.*))
 *(.init_array*)
 .init_array    0x08001b20        0x4 C:/ST/STM32CubeIDE_2.0.0/STM32CubeIDE/plugins/com.st.stm32cube.ide.mcu.externaltools.gnu-tools-for-stm32.13.3.rel1.win32_1.0.100.202509120712/tools/bin/../lib/gcc/arm-none-eabi/13.3.1/thumb/v7-m/nofp/crtbegin.o
                0x08001b24                        PROVIDE (__init_array_end = .)
                0x08001b24                        . = ALIGN (0x4)

.fini_array     0x08001b24        0x4
                0x08001b24                        . = ALIGN (0x4)
                [!provide]                        PROVIDE (__fini_array_start = .)
 *(SORT_BY_NAME(.fini_array.*))
 *(.fini_array*)
 .fini_array    0x08001b24        0x4 C:/ST/STM32CubeIDE_2.0.0/STM32CubeIDE/plugins/com.st.stm32cube.ide.mcu.externaltools.gnu-tools-for-stm32.13.3.rel1.win32_1.0.100.202509120712/tools/bin/../lib/gcc/arm-none-eabi/13.3.1/thumb/v7-m/nofp/crtbegin.o
                [!provide]                        PROVIDE (__fini_array_end = .)
                0x08001b28                        . = ALIGN (0x4)
                0x08001b28                        _sidata = LOADADDR (.data)

.rel.dyn        0x08001b28        0x0
 .rel.iplt      0x08001b28        0x0 C:/ST/STM32CubeIDE_2.0.0/STM32CubeIDE/plugins/com.st.stm32cube.ide.mcu.externaltools.gnu-tools-for-stm32.13.3.rel1.win32_1.0.100.202509120712/tools/bin/../lib/gcc/arm-none-eabi/13.3.1/thumb/v7-m/nofp/crtbegin.o

.data           0x20000000        0xc load address 0x08001b28
                0x20000000                        . = ALIGN (0x4)
                0x20000000                        _sdata = .
 *(.data)
 *(.data*)
 .data.SystemCoreClock
                0x20000000        0x4 ./Core/Src/system_stm32f1xx.o
                0x20000000                SystemCoreClock
 .data.uwTickFreq
                0x20000004        0x1 ./Drivers/STM32F1xx_HAL_Driver/Src/stm32f1xx_hal.o
                0x20000004                uwTickFreq
 *fill*         0x20000005        0x3 
 .data.uwTickPrio
                0x20000008        0x4 ./Drivers/STM32F1xx_HAL_Driver/Src/stm32f1xx_hal.o
                0x20000008                uwTickPrio
 *(.RamFunc)
 *(.RamFunc*)
                0x2000000c                        . = ALIGN (0x4)
                0x2000000c                        _edata = .

.igot.plt       0x2000000c        0x0 load address 0x08001b34
 .igot.plt      0x2000000c        0x0 C:/ST/STM32CubeIDE_2.0.0/STM32CubeIDE/plugins/com.st.stm32cube.ide.mcu.externaltools.gnu-tools-for-stm32.13.3.rel1.win32_1.0.100.202509120712/tools/bin/../lib/gcc/arm-none-eabi/13.3.1/thumb/v7-m/nofp/crtbegin.o
                0x2000000c                        . = ALIGN (0x4)

.bss            0x2000000c      0x47c load address 0x08001b34
                0x2000000c                        _sbss = .
                0x2000000c                        __bss_start__ = _sbss
 *(.bss)
 .bss           0x2000000c       0x1c C:/ST/STM32CubeIDE_2.0.0/STM32CubeIDE/plugins/com.st.stm32cube.ide.mcu.externaltools.gnu-tools-for-stm32.13.3.rel1.win32_1.0.100.202509120712/tools/bin/../lib/gcc/arm-none-eabi/13.3.1/thumb/v7-m/nofp/crtbegin.o
 *(.bss*)
 .bss.hi2c1     0x20000028       0x54 ./Core/Src/main.o
                0x20000028                hi2c1
 .bss.SSD1306   0x2000007c        0x6 ./Core/Src/ssd1306.o
 .bss.SSD1306_Buffer
                0x20000082      0x400 ./Core/Src/ssd1306.o
 *fill*         0x20000482        0x2 
 .bss.uwTick    0x20000484        0x4 ./Drivers/STM32F1xx_HAL_Driver/Src/stm32f1xx_hal.o
                0x20000484                uwTick
 *(COMMON)
                0x20000488                        . = ALIGN (0x4)
                0x20000488                        _ebss = .
                0x20000488                        __bss_end__ = _ebss

._user_heap_stack
                0x20000488      0x600 load address 0x08001b34
                0x20000488                        . = ALIGN (0x8)
                [!provide]                        PROVIDE (end = .)
                0x20000488                        PROVIDE (_end = .)
                0x20000688                        . = (. + _Min_Heap_Size)
 *fill*         0x20000488      0x200 
                0x20000a88                        . = (. + _Min_Stack_Size)
 *fill*         0x20000688      0x400 
                0x20000a88                        . = ALIGN (0x8)

/DISCARD/
 libc.a(*)
 libm.a(*)
 libgcc.a(*)

.ARM.attributes
                0x00000000       0x29
 *(.ARM.attributes)
 .ARM.attributes
                0x00000000       0x1d C:/ST/STM32CubeIDE_2.0.0/STM32CubeIDE/plugins/com.st.stm32cube.ide.mcu.externaltools.gnu-tools-for-stm32.13.3.rel1.win32_1.0.100.202509120712/tools/bin/../lib/gcc/arm-none-eabi/13.3.1/thumb/v7-m/nofp/crti.o
 .ARM.attributes
                0x0000001d       0x2d C:/ST/STM32CubeIDE_2.0.0/STM32CubeIDE/plugins/com.st.stm32cube.ide.mcu.externaltools.gnu-tools-for-stm32.13.3.rel1.win32_1.0.100.202509120712/tools/bin/../lib/gcc/arm-none-eabi/13.3.1/thumb/v7-m/nofp/crtbegin.o
 .ARM.attributes
                0x0000004a       0x2d ./Core/Src/main.o
 .ARM.attributes
                0x00000077       0x2d ./Core/Src/ssd1306.o
 .ARM.attributes
                0x000000a4       0x2d ./Core/Src/ssd1306_fonts.o
 .ARM.attributes
                0x000000d1       0x2d ./Core/Src/stm32f1xx_hal_msp.o
 .ARM.attributes
                0x000000fe       0x2d ./Core/Src/stm32f1xx_it.o
 .ARM.attributes
                0x0000012b       0x2d ./Core/Src/system_stm32f1xx.o
 .ARM.attributes
                0x00000158       0x21 ./Core/Startup/startup_stm32f103c6tx.o
 .ARM.attributes
                0x00000179       0x2d ./Drivers/STM32F1xx_HAL_Driver/Src/stm32f1xx_hal.o
 .ARM.attributes
                0x000001a6       0x2d ./Drivers/STM32F1xx_HAL_Driver/Src/stm32f1xx_hal_cortex.o
 .ARM.attributes
                0x000001d3       0x2d ./Drivers/STM32F1xx_HAL_Driver/Src/stm32f1xx_hal_gpio.o
 .ARM.attributes
                0x00000200       0x2d ./Drivers/STM32F1xx_HAL_Driver/Src/stm32f1xx_hal_i2c.o
 .ARM.attributes
                0x0000022d       0x2d ./Drivers/STM32F1xx_HAL_Driver/Src/stm32f1xx_hal_rcc.o
 .ARM.attributes
                0x0000025a       0x2d C:/ST/STM32CubeIDE_2.0.0/STM32CubeIDE/plugins/com.st.stm32cube.ide.mcu.externaltools.gnu-tools-for-stm32.13.3.rel1.win32_1.0.100.202509120712/tools/bin/../lib/gcc/arm-none-eabi/13.3.1/../../../../arm-none-eabi/lib/thumb/v7-m/nofp\libc_nano.a(libc_a-memset.o)
 .ARM.attributes
                0x00000287       0x2d C:/ST/STM32CubeIDE_2.0.0/STM32CubeIDE/plugins/com.st.stm32cube.ide.mcu.externaltools.gnu-tools-for-stm32.13.3.rel1.win32_1.0.100.202509120712/tools/bin/../lib/gcc/arm-none-eabi/13.3.1/../../../../arm-none-eabi/lib/thumb/v7-m/nofp\libc_nano.a(libc_a-init.o)
 .ARM.attributes
                0x000002b4       0x1d C:/ST/STM32CubeIDE_2.0.0/STM32CubeIDE/plugins/com.st.stm32cube.ide.mcu.externaltools.gnu-tools-for-stm32.13.3.rel1.win32_1.0.100.202509120712/tools/bin/../lib/gcc/arm-none-eabi/13.3.1/thumb/v7-m/nofp/crtn.o
OUTPUT(Project_4_Interfacing_OLED.elf elf32-littlearm)
LOAD linker stubs
LOAD C:/ST/STM32CubeIDE_2.0.0/STM32CubeIDE/plugins/com.st.stm32cube.ide.mcu.externaltools.gnu-tools-for-stm32.13.3.rel1.win32_1.0.100.202509120712/tools/bin/../lib/gcc/arm-none-eabi/13.3.1/../../../../arm-none-eabi/lib/thumb/v7-m/nofp\libc.a
LOAD C:/ST/STM32CubeIDE_2.0.0/STM32CubeIDE/plugins/com.st.stm32cube.ide.mcu.externaltools.gnu-tools-for-stm32.13.3.rel1.win32_1.0.100.202509120712/tools/bin/../lib/gcc/arm-none-eabi/13.3.1/../../../../arm-none-eabi/lib/thumb/v7-m/nofp\libm.a
LOAD C:/ST/STM32CubeIDE_2.0.0/STM32CubeIDE/plugins/com.st.stm32cube.ide.mcu.externaltools.gnu-tools-for-stm32.13.3.rel1.win32_1.0.100.202509120712/tools/bin/../lib/gcc/arm-none-eabi/13.3.1/thumb/v7-m/nofp\libgcc.a

.debug_info     0x00000000     0x96d9
 .debug_info    0x00000000      0xb63 ./Core/Src/main.o
 .debug_info    0x00000b63     0x1f43 ./Core/Src/ssd1306.o
 .debug_info    0x00002aa6      0x2a4 ./Core/Src/ssd1306_fonts.o
 .debug_info    0x00002d4a      0x8c3 ./Core/Src/stm32f1xx_hal_msp.o
 .debug_info    0x0000360d      0x115 ./Core/Src/stm32f1xx_it.o
 .debug_info    0x00003722      0x231 ./Core/Src/system_stm32f1xx.o
 .debug_info    0x00003953       0x30 ./Core/Startup/startup_stm32f103c6tx.o
 .debug_info    0x00003983      0x7be ./Drivers/STM32F1xx_HAL_Driver/Src/stm32f1xx_hal.o
 .debug_info    0x00004141      0xccf ./Drivers/STM32F1xx_HAL_Driver/Src/stm32f1xx_hal_cortex.o
 .debug_info    0x00004e10      0x612 ./Drivers/STM32F1xx_HAL_Driver/Src/stm32f1xx_hal_gpio.o
 .debug_info    0x00005422     0x38bc ./Drivers/STM32F1xx_HAL_Driver/Src/stm32f1xx_hal_i2c.o
 .debug_info    0x00008cde      0x9fb ./Drivers/STM32F1xx_HAL_Driver/Src/stm32f1xx_hal_rcc.o

.debug_abbrev   0x00000000     0x1b74
 .debug_abbrev  0x00000000      0x2f4 ./Core/Src/main.o
 .debug_abbrev  0x000002f4      0x48e ./Core/Src/ssd1306.o
 .debug_abbrev  0x00000782       0xcf ./Core/Src/ssd1306_fonts.o
 .debug_abbrev  0x00000851      0x1e2 ./Core/Src/stm32f1xx_hal_msp.o
 .debug_abbrev  0x00000a33       0xb6 ./Core/Src/stm32f1xx_it.o
 .debug_abbrev  0x00000ae9      0x145 ./Core/Src/system_stm32f1xx.o
 .debug_abbrev  0x00000c2e       0x24 ./Core/Startup/startup_stm32f103c6tx.o
 .debug_abbrev  0x00000c52      0x272 ./Drivers/STM32F1xx_HAL_Driver/Src/stm32f1xx_hal.o
 .debug_abbrev  0x00000ec4      0x36b ./Drivers/STM32F1xx_HAL_Driver/Src/stm32f1xx_hal_cortex.o
 .debug_abbrev  0x0000122f      0x200 ./Drivers/STM32F1xx_HAL_Driver/Src/stm32f1xx_hal_gpio.o
 .debug_abbrev  0x0000142f      0x446 ./Drivers/STM32F1xx_HAL_Driver/Src/stm32f1xx_hal_i2c.o
 .debug_abbrev  0x00001875      0x2ff ./Drivers/STM32F1xx_HAL_Driver/Src/stm32f1xx_hal_rcc.o

.debug_aranges  0x00000000      0x658
 .debug_aranges
                0x00000000       0x30 ./Core/Src/main.o
 .debug_aranges
                0x00000030       0xd8 ./Core/Src/ssd1306.o
 .debug_aranges
                0x00000108       0x18 ./Core/Src/ssd1306_fonts.o
 .debug_aranges
                0x00000120       0x30 ./Core/Src/stm32f1xx_hal_msp.o
 .debug_aranges
                0x00000150       0x60 ./Core/Src/stm32f1xx_it.o
 .debug_aranges
                0x000001b0       0x28 ./Core/Src/system_stm32f1xx.o
 .debug_aranges
                0x000001d8       0x28 ./Core/Startup/startup_stm32f103c6tx.o
 .debug_aranges
                0x00000200       0xe0 ./Drivers/STM32F1xx_HAL_Driver/Src/stm32f1xx_hal.o
 .debug_aranges
                0x000002e0       0x90 ./Drivers/STM32F1xx_HAL_Driver/Src/stm32f1xx_hal_cortex.o
 .debug_aranges
                0x00000370       0x58 ./Drivers/STM32F1xx_HAL_Driver/Src/stm32f1xx_hal_gpio.o
 .debug_aranges
                0x000003c8      0x208 ./Drivers/STM32F1xx_HAL_Driver/Src/stm32f1xx_hal_i2c.o
 .debug_aranges
                0x000005d0       0x88 ./Drivers/STM32F1xx_HAL_Driver/Src/stm32f1xx_hal_rcc.o

.debug_rnglists
                0x00000000      0x878
 .debug_rnglists
                0x00000000       0x56 ./Core/Src/main.o
 .debug_rnglists
                0x00000056      0x180 ./Core/Src/ssd1306.o
 .debug_rnglists
                0x000001d6       0x55 ./Core/Src/stm32f1xx_hal_msp.o
 .debug_rnglists
                0x0000022b       0x43 ./Core/Src/stm32f1xx_it.o
 .debug_rnglists
                0x0000026e       0x19 ./Core/Src/system_stm32f1xx.o
 .debug_rnglists
                0x00000287       0x19 ./Core/Startup/startup_stm32f103c6tx.o
 .debug_rnglists
                0x000002a0       0xa3 ./Drivers/STM32F1xx_HAL_Driver/Src/stm32f1xx_hal.o
 .debug_rnglists
                0x00000343       0xd3 ./Drivers/STM32F1xx_HAL_Driver/Src/stm32f1xx_hal_cortex.o
 .debug_rnglists
                0x00000416       0x51 ./Drivers/STM32F1xx_HAL_Driver/Src/stm32f1xx_hal_gpio.o
 .debug_rnglists
                0x00000467      0x38c ./Drivers/STM32F1xx_HAL_Driver/Src/stm32f1xx_hal_i2c.o
 .debug_rnglists
                0x000007f3       0x85 ./Drivers/STM32F1xx_HAL_Driver/Src/stm32f1xx_hal_rcc.o

.debug_macro    0x00000000    0x169dc
 .debug_macro   0x00000000      0x1fa ./Core/Src/main.o
 .debug_macro   0x000001fa      0xad2 ./Core/Src/main.o
 .debug_macro   0x00000ccc      0x215 ./Core/Src/main.o
 .debug_macro   0x00000ee1       0x2e ./Core/Src/main.o
 .debug_macro   0x00000f0f       0x22 ./Core/Src/main.o
 .debug_macro   0x00000f31       0x22 ./Core/Src/main.o
 .debug_macro   0x00000f53       0x8e ./Core/Src/main.o
 .debug_macro   0x00000fe1       0x51 ./Core/Src/main.o
 .debug_macro   0x00001032      0x103 ./Core/Src/main.o
 .debug_macro   0x00001135       0x6a ./Core/Src/main.o
 .debug_macro   0x0000119f      0x1df ./Core/Src/main.o
 .debug_macro   0x0000137e       0x1c ./Core/Src/main.o
 .debug_macro   0x0000139a       0x22 ./Core/Src/main.o
 .debug_macro   0x000013bc       0xbd ./Core/Src/main.o
 .debug_macro   0x00001479      0xd23 ./Core/Src/main.o
 .debug_macro   0x0000219c     0xde75 ./Core/Src/main.o
 .debug_macro   0x00010011       0x6d ./Core/Src/main.o
 .debug_macro   0x0001007e     0x34a2 ./Core/Src/main.o
 .debug_macro   0x00013520      0x190 ./Core/Src/main.o
 .debug_macro   0x000136b0       0x5c ./Core/Src/main.o
 .debug_macro   0x0001370c      0x5bc ./Core/Src/main.o
 .debug_macro   0x00013cc8      0x1b7 ./Core/Src/main.o
 .debug_macro   0x00013e7f      0x1cb ./Core/Src/main.o
 .debug_macro   0x0001404a      0x114 ./Core/Src/main.o
 .debug_macro   0x0001415e      0x1b2 ./Core/Src/main.o
 .debug_macro   0x00014310       0x27 ./Core/Src/main.o
 .debug_macro   0x00014337      0x12f ./Core/Src/main.o
 .debug_macro   0x00014466      0x1bc ./Core/Src/main.o
 .debug_macro   0x00014622       0x34 ./Core/Src/main.o
 .debug_macro   0x00014656       0x3c ./Core/Src/main.o
 .debug_macro   0x00014692       0x57 ./Core/Src/main.o
 .debug_macro   0x000146e9       0x87 ./Core/Src/main.o
 .debug_macro   0x00014770      0x183 ./Core/Src/main.o
 .debug_macro   0x000148f3      0x287 ./Core/Src/main.o
 .debug_macro   0x00014b7a      0x140 ./Core/Src/main.o
 .debug_macro   0x00014cba       0x69 ./Core/Src/main.o
 .debug_macro   0x00014d23       0x61 ./Core/Src/main.o
 .debug_macro   0x00014d84       0x24 ./Core/Src/main.o
 .debug_macro   0x00014da8       0x43 ./Core/Src/main.o
 .debug_macro   0x00014deb       0x34 ./Core/Src/main.o
 .debug_macro   0x00014e1f       0x46 ./Core/Src/main.o
 .debug_macro   0x00014e65       0x4c ./Core/Src/main.o
 .debug_macro   0x00014eb1      0x2b7 ./Core/Src/ssd1306.o
 .debug_macro   0x00015168       0x28 ./Core/Src/ssd1306.o
 .debug_macro   0x00015190      0x370 ./Core/Src/ssd1306.o
 .debug_macro   0x00015500       0x16 ./Core/Src/ssd1306.o
 .debug_macro   0x00015516       0x4a ./Core/Src/ssd1306.o
 .debug_macro   0x00015560       0x34 ./Core/Src/ssd1306.o
 .debug_macro   0x00015594       0x10 ./Core/Src/ssd1306.o
 .debug_macro   0x000155a4       0x58 ./Core/Src/ssd1306.o
 .debug_macro   0x000155fc       0x8e ./Core/Src/ssd1306.o
 .debug_macro   0x0001568a       0x1c ./Core/Src/ssd1306.o
 .debug_macro   0x000156a6      0x185 ./Core/Src/ssd1306.o
 .debug_macro   0x0001582b      0x19b ./Core/Src/ssd1306.o
 .debug_macro   0x000159c6       0x16 ./Core/Src/ssd1306.o
 .debug_macro   0x000159dc       0x3c ./Core/Src/ssd1306.o
 .debug_macro   0x00015a18       0x16 ./Core/Src/ssd1306.o
 .debug_macro   0x00015a2e       0x29 ./Core/Src/ssd1306.o
 .debug_macro   0x00015a57       0x16 ./Core/Src/ssd1306.o
 .debug_macro   0x00015a6d       0x20 ./Core/Src/ssd1306.o
 .debug_macro   0x00015a8d      0x1e2 ./Core/Src/ssd1306_fonts.o
 .debug_macro   0x00015c6f      0x196 ./Core/Src/stm32f1xx_hal_msp.o
 .debug_macro   0x00015e05      0x1a0 ./Core/Src/stm32f1xx_it.o
 .debug_macro   0x00015fa5      0x18c ./Core/Src/system_stm32f1xx.o
 .debug_macro   0x00016131      0x1b0 ./Drivers/STM32F1xx_HAL_Driver/Src/stm32f1xx_hal.o
 .debug_macro   0x000162e1      0x18c ./Drivers/STM32F1xx_HAL_Driver/Src/stm32f1xx_hal_cortex.o
 .debug_macro   0x0001646d      0x1f7 ./Drivers/STM32F1xx_HAL_Driver/Src/stm32f1xx_hal_gpio.o
 .debug_macro   0x00016664      0x1da ./Drivers/STM32F1xx_HAL_Driver/Src/stm32f1xx_hal_i2c.o
 .debug_macro   0x0001683e      0x19e ./Drivers/STM32F1xx_HAL_Driver/Src/stm32f1xx_hal_rcc.o

.debug_line     0x00000000     0xc445
 .debug_line    0x00000000      0x9a8 ./Core/Src/main.o
 .debug_line    0x000009a8     0x151d ./Core/Src/ssd1306.o
 .debug_line    0x00001ec5      0x7c6 ./Core/Src/ssd1306_fonts.o
 .debug_line    0x0000268b      0x798 ./Core/Src/stm32f1xx_hal_msp.o
 .debug_line    0x00002e23      0x78e ./Core/Src/stm32f1xx_it.o
 .debug_line    0x000035b1      0x755 ./Core/Src/system_stm32f1xx.o
 .debug_line    0x00003d06       0x78 ./Core/Startup/startup_stm32f103c6tx.o
 .debug_line    0x00003d7e      0xa09 ./Drivers/STM32F1xx_HAL_Driver/Src/stm32f1xx_hal.o
 .debug_line    0x00004787      0xbb8 ./Drivers/STM32F1xx_HAL_Driver/Src/stm32f1xx_hal_cortex.o
 .debug_line    0x0000533f      0xa7f ./Drivers/STM32F1xx_HAL_Driver/Src/stm32f1xx_hal_gpio.o
 .debug_line    0x00005dbe     0x5546 ./Drivers/STM32F1xx_HAL_Driver/Src/stm32f1xx_hal_i2c.o
 .debug_line    0x0000b304     0x1141 ./Drivers/STM32F1xx_HAL_Driver/Src/stm32f1xx_hal_rcc.o

.debug_str      0x00000000    0x803df
 .debug_str     0x00000000    0x803df ./Core/Src/main.o
                              0x7afae (size before relaxing)
 .debug_str     0x000803df        0x0 ./Core/Src/ssd1306.o
                              0x7e967 (size before relaxing)
 .debug_str     0x000803df        0x0 ./Core/Src/ssd1306_fonts.o
                              0x7a8f8 (size before relaxing)
 .debug_str     0x000803df        0x0 ./Core/Src/stm32f1xx_hal_msp.o
                              0x7a86a (size before relaxing)
 .debug_str     0x000803df        0x0 ./Core/Src/stm32f1xx_it.o
                              0x7a363 (size before relaxing)
 .debug_str     0x000803df        0x0 ./Core/Src/system_stm32f1xx.o
                              0x7a379 (size before relaxing)
 .debug_str     0x000803df        0x0 ./Core/Startup/startup_stm32f103c6tx.o
                                 0x77 (size before relaxing)
 .debug_str     0x000803df        0x0 ./Drivers/STM32F1xx_HAL_Driver/Src/stm32f1xx_hal.o
                              0x7aa72 (size before relaxing)
 .debug_str     0x000803df        0x0 ./Drivers/STM32F1xx_HAL_Driver/Src/stm32f1xx_hal_cortex.o
                              0x7a9be (size before relaxing)
 .debug_str     0x000803df        0x0 ./Drivers/STM32F1xx_HAL_Driver/Src/stm32f1xx_hal_gpio.o
                              0x7a6ff (size before relaxing)
 .debug_str     0x000803df        0x0 ./Drivers/STM32F1xx_HAL_Driver/Src/stm32f1xx_hal_i2c.o
                              0x7b440 (size before relaxing)
 .debug_str     0x000803df        0x0 ./Drivers/STM32F1xx_HAL_Driver/Src/stm32f1xx_hal_rcc.o
                              0x7a7a8 (size before relaxing)

.comment        0x00000000       0x43
 .comment       0x00000000       0x43 ./Core/Src/main.o
                                 0x44 (size before relaxing)
 .comment       0x00000043        0x0 ./Core/Src/ssd1306.o
                                 0x44 (size before relaxing)
 .comment       0x00000043        0x0 ./Core/Src/ssd1306_fonts.o
                                 0x44 (size before relaxing)
 .comment       0x00000043        0x0 ./Core/Src/stm32f1xx_hal_msp.o
                                 0x44 (size before relaxing)
 .comment       0x00000043        0x0 ./Core/Src/stm32f1xx_it.o
                                 0x44 (size before relaxing)
 .comment       0x00000043        0x0 ./Core/Src/system_stm32f1xx.o
                                 0x44 (size before relaxing)
 .comment       0x00000043        0x0 ./Drivers/STM32F1xx_HAL_Driver/Src/stm32f1xx_hal.o
                                 0x44 (size before relaxing)
 .comment       0x00000043        0x0 ./Drivers/STM32F1xx_HAL_Driver/Src/stm32f1xx_hal_cortex.o
                                 0x44 (size before relaxing)
 .comment       0x00000043        0x0 ./Drivers/STM32F1xx_HAL_Driver/Src/stm32f1xx_hal_gpio.o
                                 0x44 (size before relaxing)
 .comment       0x00000043        0x0 ./Drivers/STM32F1xx_HAL_Driver/Src/stm32f1xx_hal_i2c.o
                                 0x44 (size before relaxing)
 .comment       0x00000043        0x0 ./Drivers/STM32F1xx_HAL_Driver/Src/stm32f1xx_hal_rcc.o
                                 0x44 (size before relaxing)

.debug_frame    0x00000000     0x114c
 .debug_frame   0x00000000       0x54 ./Core/Src/main.o
 .debug_frame   0x00000054      0x314 ./Core/Src/ssd1306.o
 .debug_frame   0x00000368       0x68 ./Core/Src/stm32f1xx_hal_msp.o
 .debug_frame   0x000003d0       0xa0 ./Core/Src/stm32f1xx_it.o
 .debug_frame   0x00000470       0x30 ./Core/Src/system_stm32f1xx.o
 .debug_frame   0x000004a0      0x1d4 ./Drivers/STM32F1xx_HAL_Driver/Src/stm32f1xx_hal.o
 .debug_frame   0x00000674      0x120 ./Drivers/STM32F1xx_HAL_Driver/Src/stm32f1xx_hal_cortex.o
 .debug_frame   0x00000794       0xd8 ./Drivers/STM32F1xx_HAL_Driver/Src/stm32f1xx_hal_gpio.o
 .debug_frame   0x0000086c      0x758 ./Drivers/STM32F1xx_HAL_Driver/Src/stm32f1xx_hal_i2c.o
 .debug_frame   0x00000fc4      0x13c ./Drivers/STM32F1xx_HAL_Driver/Src/stm32f1xx_hal_rcc.o
 .debug_frame   0x00001100       0x20 C:/ST/STM32CubeIDE_2.0.0/STM32CubeIDE/plugins/com.st.stm32cube.ide.mcu.externaltools.gnu-tools-for-stm32.13.3.rel1.win32_1.0.100.202509120712/tools/bin/../lib/gcc/arm-none-eabi/13.3.1/../../../../arm-none-eabi/lib/thumb/v7-m/nofp\libc_nano.a(libc_a-memset.o)
 .debug_frame   0x00001120       0x2c C:/ST/STM32CubeIDE_2.0.0/STM32CubeIDE/plugins/com.st.stm32cube.ide.mcu.externaltools.gnu-tools-for-stm32.13.3.rel1.win32_1.0.100.202509120712/tools/bin/../lib/gcc/arm-none-eabi/13.3.1/../../../../arm-none-eabi/lib/thumb/v7-m/nofp\libc_nano.a(libc_a-init.o)

.debug_loclists
                0x00000000     0x4213
 .debug_loclists
                0x00000000      0xff3 ./Core/Src/ssd1306.o
 .debug_loclists
                0x00000ff3       0x5f ./Core/Src/stm32f1xx_hal_msp.o
 .debug_loclists
                0x00001052       0xac ./Core/Src/system_stm32f1xx.o
 .debug_loclists
                0x000010fe       0xd5 ./Drivers/STM32F1xx_HAL_Driver/Src/stm32f1xx_hal.o
 .debug_loclists
                0x000011d3      0x3cb ./Drivers/STM32F1xx_HAL_Driver/Src/stm32f1xx_hal_cortex.o
 .debug_loclists
                0x0000159e      0x2dd ./Drivers/STM32F1xx_HAL_Driver/Src/stm32f1xx_hal_gpio.o
 .debug_loclists
                0x0000187b     0x257b ./Drivers/STM32F1xx_HAL_Driver/Src/stm32f1xx_hal_i2c.o
 .debug_loclists
                0x00003df6      0x41d ./Drivers/STM32F1xx_HAL_Driver/Src/stm32f1xx_hal_rcc.o

.debug_line_str
                0x00000000       0x5b
 .debug_line_str
                0x00000000       0x5b ./Core/Startup/startup_stm32f103c6tx.o
